0 verbose cli /.sprite/languages/node/nvm/versions/node/v24.18.0/bin/node /.sprite/languages/node/nvm/versions/node/v24.18.0/bin/npm
1 info using npm@12.0.1
2 info using node@v24.18.0
3 silly config load:file:/.sprite/languages/node/nvm/versions/node/v24.18.0/lib/node_modules/npm/npmrc
4 silly config load:file:/home/sprite/.npmrc
5 silly config load:file:/.sprite/languages/node/nvm/versions/node/v24.18.0/etc/npmrc
6 verbose title npm run typecheck
7 verbose argv "run" "typecheck"
8 verbose logfile logs-max:10 dir:/home/sprite/.npm/_logs/2026-09-28T18_04_48_446Z-
9 verbose logfile /home/sprite/.npm/_logs/2026-09-28T18_04_48_446Z-debug-0.log
10 silly logfile start cleaning logs, removing 1 files
11 silly logfile done cleaning log files
12 notice run app@0.0.0 typecheck
13 notice run tsc --noEmit
14 verbose cwd /home/sprite
15 verbose os Linux 6.12.91-fly
16 verbose node v24.18.0
17 verbose npm  v12.0.1
18 verbose exit 2
19 verbose code 2
